../act1/scene2.txt
SCENE II. A room of state in the castle.

    Enter KING CLAUDIUS, QUEEN GERTRUDE, HAMLET, POLONIUS, LAERTES, VOLTIMAND, CORNELI
